[backblue.gif]
[fade.gif]
[index.html]
[www.cs.colorado.edu/_main/bgi/doc/win.gif]
[www.cs.colorado.edu/_main/bgi/doc/index.html]
[www.cs.colorado.edu/_main/bgi/doc/bgi.html]
[www.cs.colorado.edu/_main/bgi/doc/wincolor.html]
[www.cs.colorado.edu/_main/bgi/doc/arc.html]
[www.cs.colorado.edu/_main/bgi/doc/bar.html]
[www.cs.colorado.edu/_main/bgi/doc/bar3d.html]
[www.cs.colorado.edu/_main/bgi/doc/bgiout.html]
[www.cs.colorado.edu/_main/bgi/doc/circle.html]
[www.cs.colorado.edu/_main/bgi/doc/cleardevice.html]
[www.cs.colorado.edu/_main/bgi/doc/clearmouseclick.html]
[www.cs.colorado.edu/_main/bgi/doc/clearviewport.html]
[www.cs.colorado.edu/_main/bgi/doc/closegraph.html]
[www.cs.colorado.edu/_main/bgi/doc/delay.html]
[www.cs.colorado.edu/_main/bgi/doc/detectgraph.html]
[www.cs.colorado.edu/_main/bgi/doc/drawpoly.html]
[www.cs.colorado.edu/_main/bgi/doc/ellipse.html]
[www.cs.colorado.edu/_main/bgi/doc/fillellipse.html]
[www.cs.colorado.edu/_main/bgi/doc/fillpoly.html]
[www.cs.colorado.edu/_main/bgi/doc/floodfill.html]
[www.cs.colorado.edu/_main/bgi/doc/getactivepage.html]
[www.cs.colorado.edu/_main/bgi/doc/getarccoords.html]
[www.cs.colorado.edu/_main/bgi/doc/getaspectratio.html]
[www.cs.colorado.edu/_main/bgi/doc/getbkcolor.html]
[www.cs.colorado.edu/_main/bgi/doc/getch.html]
[www.cs.colorado.edu/_main/bgi/doc/getcolor.html]
[www.cs.colorado.edu/_main/bgi/doc/getcurrentwindow.html]
[www.cs.colorado.edu/_main/bgi/doc/getdefaultpalette.html]
[www.cs.colorado.edu/_main/bgi/doc/getdisplaycolor.html]
[www.cs.colorado.edu/_main/bgi/doc/getdrivername.html]
[www.cs.colorado.edu/_main/bgi/doc/getfillpattern.html]
[www.cs.colorado.edu/_main/bgi/doc/getfillsettings.html]
[www.cs.colorado.edu/_main/bgi/doc/getgraphmode.html]
[www.cs.colorado.edu/_main/bgi/doc/getimage.html]
[www.cs.colorado.edu/_main/bgi/doc/getlinesettings.html]
[www.cs.colorado.edu/_main/bgi/doc/getmaxcolor.html]
[www.cs.colorado.edu/_main/bgi/doc/getmaxmode.html]
[www.cs.colorado.edu/_main/bgi/doc/getmaxheight.html]
[www.cs.colorado.edu/_main/bgi/doc/getmaxwidth.html]
[www.cs.colorado.edu/_main/bgi/doc/getmaxx.html]
[www.cs.colorado.edu/_main/bgi/doc/getmaxy.html]
[www.cs.colorado.edu/_main/bgi/doc/getmodename.html]
[www.cs.colorado.edu/_main/bgi/doc/getmoderange.html]
[www.cs.colorado.edu/_main/bgi/doc/getmouseclick.html]
[www.cs.colorado.edu/_main/bgi/doc/getpalette.html]
[www.cs.colorado.edu/_main/bgi/doc/getpalettesize.html]
[www.cs.colorado.edu/_main/bgi/doc/getpixel.html]
[www.cs.colorado.edu/_main/bgi/doc/gettextsettings.html]
[www.cs.colorado.edu/_main/bgi/doc/getviewsettings.html]
[www.cs.colorado.edu/_main/bgi/doc/getvisualpage.html]
[www.cs.colorado.edu/_main/bgi/doc/getwindowheight.html]
[www.cs.colorado.edu/_main/bgi/doc/getwindowwidth.html]
[www.cs.colorado.edu/_main/bgi/doc/getx.html]
[www.cs.colorado.edu/_main/bgi/doc/gety.html]
[www.cs.colorado.edu/_main/bgi/doc/graphdefaults.html]
[www.cs.colorado.edu/_main/bgi/doc/grapherrormsg.html]
[www.cs.colorado.edu/_main/bgi/doc/graphresult.html]
[www.cs.colorado.edu/_main/bgi/doc/imagesize.html]
[www.cs.colorado.edu/_main/bgi/doc/initgraph.html]
[www.cs.colorado.edu/_main/bgi/doc/initwindow.html]
[www.cs.colorado.edu/_main/bgi/doc/installuserdriver.html]
[www.cs.colorado.edu/_main/bgi/doc/installuserfont.html]
[www.cs.colorado.edu/_main/bgi/doc/ismouseclick.html]
[www.cs.colorado.edu/_main/bgi/doc/kbhit.html]
[www.cs.colorado.edu/_main/bgi/doc/line.html]
[www.cs.colorado.edu/_main/bgi/doc/linerel.html]
[www.cs.colorado.edu/_main/bgi/doc/lineto.html]
[www.cs.colorado.edu/_main/bgi/doc/mousex.html]
[www.cs.colorado.edu/_main/bgi/doc/mousey.html]
[www.cs.colorado.edu/_main/bgi/doc/moverel.html]
[www.cs.colorado.edu/_main/bgi/doc/moveto.html]
[www.cs.colorado.edu/_main/bgi/doc/outtext.html]
[www.cs.colorado.edu/_main/bgi/doc/outtextxy.html]
[www.cs.colorado.edu/_main/bgi/doc/pieslice.html]
[www.cs.colorado.edu/_main/bgi/doc/printimage.html]
[www.cs.colorado.edu/_main/bgi/doc/putimage.html]
[www.cs.colorado.edu/_main/bgi/doc/putpixel.html]
[www.cs.colorado.edu/_main/bgi/doc/readimagefile.html]
[www.cs.colorado.edu/_main/bgi/doc/rectangle.html]
[www.cs.colorado.edu/_main/bgi/doc/registerbgidriver.html]
[www.cs.colorado.edu/_main/bgi/doc/registerbgifont.html]
[www.cs.colorado.edu/_main/bgi/doc/registermousehandler.html]
[www.cs.colorado.edu/_main/bgi/doc/restorecrtmode.html]
[www.cs.colorado.edu/_main/bgi/doc/sector.html]
[www.cs.colorado.edu/_main/bgi/doc/setactivepage.html]
[www.cs.colorado.edu/_main/bgi/doc/setallpalette.html]
[www.cs.colorado.edu/_main/bgi/doc/setaspectratio.html]
[www.cs.colorado.edu/_main/bgi/doc/setbkcolor.html]
[www.cs.colorado.edu/_main/bgi/doc/setcolor.html]
[www.cs.colorado.edu/_main/bgi/doc/setcurrentwindow.html]
[www.cs.colorado.edu/_main/bgi/doc/setmousequeuestatus.html]
[www.cs.colorado.edu/_main/bgi/doc/setfillpattern.html]
[www.cs.colorado.edu/_main/bgi/doc/setfillstyle.html]
[www.cs.colorado.edu/_main/bgi/doc/setgraphbufsize.html]
[www.cs.colorado.edu/_main/bgi/doc/setgraphmode.html]
[www.cs.colorado.edu/_main/bgi/doc/setlinestyle.html]
[www.cs.colorado.edu/_main/bgi/doc/setpalette.html]
[www.cs.colorado.edu/_main/bgi/doc/setrgbpalette.html]
[www.cs.colorado.edu/_main/bgi/doc/settextjustify.html]
[www.cs.colorado.edu/_main/bgi/doc/settextstyle.html]
[www.cs.colorado.edu/_main/bgi/doc/setusercharsize.html]
[www.cs.colorado.edu/_main/bgi/doc/setviewport.html]
[www.cs.colorado.edu/_main/bgi/doc/setvisualpage.html]
[www.cs.colorado.edu/_main/bgi/doc/setwritemode.html]
[www.cs.colorado.edu/_main/bgi/doc/showerrorbox.html]
[www.cs.colorado.edu/_main/bgi/doc/swapbuffers.html]
[www.cs.colorado.edu/_main/bgi/doc/textheight.html]
[www.cs.colorado.edu/_main/bgi/doc/textwidth.html]
[www.cs.colorado.edu/_main/bgi/doc/writeimagefile.html]
[www.cs.colorado.edu/_main/bgi/doc/index-2.html]
[www.cs.colorado.edu/_main/bgi/doc/setmousequeue.html]
[www.cs.colorado.edu/_main/bgi/doc/fillelipse.html]
[www.cs.colorado.edu/_main/bgi/doc/graphresults.html]
